Epoch : 57, 503/504, Loss : 5.489161, Acc : 60.0000
Epoch : 57, Loss : 0.904799, Train Loss : 0.419478, Train Acc : 83.728,
Acc : 74.420, Loss : 0.904799, Weighted F1 : 73.230, F1 :  87.75537872314453 66.33211517333984 45.71076965332031 22.866472244262695
 8353     0   113     0
  656  3241   394   345
  407   597     0   145
  413   597     0   145
Epoch : 58, Learning Rate : [1.7274575140626318e-06, 1.7274575140626318e-05, 0.0005]
Epoch : 58, 503/504, Loss : 4.187882, Acc : 80.000
Epoch : 58, Loss : 0.878706, Train Loss : 0.405587, Train Acc : 84.728,
Acc : 74.557, Loss : 0.878706, Weighted F1 : 73.390, F1 :  88.33021545410156 66.59989929199219 43.25994110107422 23.57889747619629
 8398     0   117     0
  674  3186   363   364
  368   524     0   169
  367   524     0   169
Epoch : 59, Learning Rate : [1.2500000000000007e-06, 1.2500000000000006e-05, 0.0005]
Epoch : 59, 503/504, Loss : 4.002820, Acc : 100.000
Epoch : 59, Loss : 0.894206, Train Loss : 0.395769, Train Acc : 85.088,
Acc : 74.899, Loss : 0.894206, Weighted F1 : 73.523, F1 :  88.37862396240234 66.83374786376953 45.15740966796875 21.107826232910156
 8430     0   139     0
  677  3181   400   275
  374   515     0   124
  388   515     0   124
Epoch : 60, Learning Rate : [8.271734841028553e-07, 8.271734841028553e-06, 0.0005]
Epoch : 60, 503/504, Loss : 3.971116, Acc : 80.0000
Epoch : 60, Loss : 0.925976, Train Loss : 0.378708, Train Acc : 85.790,
Acc : 74.320, Loss : 0.925976, Weighted F1 : 73.310, F1 :  88.17436981201172 65.80326080322266 45.203392028808594 23.255765914916992
 8392     0   139     0
  680  3068   415   408
  375   502     0   175
  380   502     0   175
Epoch : 61, Learning Rate : [4.774575140626317e-07, 4.7745751406263165e-06, 0.0005]
Epoch : 61, 503/504, Loss : 3.973386, Acc : 100.000575
Epoch : 61, Loss : 0.942035, Train Loss : 0.369025, Train Acc : 86.206,
Acc : 74.171, Loss : 0.942035, Weighted F1 : 73.264, F1 :  88.22442626953125 65.44084167480469 44.57611846923828 24.501941680908203
 8395     0   132     0 
  678  3026   440   431 
  377   499     0   182 
  373   499     0   182 